waiting for the BLE link (passive)... ready.

========================================================
Toggle ONE thing, wait for its line, then the next.
Suggested order (all doable parked):
  trunk, hood, lock/unlock, brake pedal, handbrake,
  indicator L, indicator R, hazard, horn, seatbelt,
  reverse gear, window, wipers, A/C, rear defogger
========================================================
----------------------------------------
Live Bus Diff
----------------------------------------
Learning for 8s, then reporting for 112s.
Ids that keep changing on their own get muted.
Toggle ONE thing at a time. Press ENTER to stop.
----------------------------------------
[LIVE] learnt 39 id(s), muted 6 chatty. Go ahead.
----------------------------------------
Done - 0 change(s) reported, 39 id(s) tracked.
Nothing moved. Either the signal is not on this bus,
or it sits in an id that was muted as chatty.
----------------------------------------
