waiting for the BLE link (passive)... ready.

========================================================
Toggle ONE thing, wait for its line, then the next.
Suggested order (all doable parked):
  trunk, hood, lock/unlock, brake pedal, handbrake,
  indicator L, indicator R, hazard, horn, seatbelt,
  reverse gear, window, wipers, A/C, rear defogger
========================================================
----------------------------------------
Live Bus Diff
----------------------------------------
Learning for 8s, then reporting for 352s.
Ids that keep changing on their own get muted.
Toggle ONE thing at a time. Press ENTER to stop.
----------------------------------------
[LIVE] learnt 38 id(s), muted 2 chatty. Go ahead.
[ 66386][W][WiFiGeneric.cpp:1062] _eventCallback(): Reason: 200 - BEACON_TIMEOUT
[ 66388][E][WiFiClient.cpp:429] write(): fail on fd 48, errno: 113, "Software caused connection abort"
WiFi disconnected
[ 70188][W][WiFiGeneric.cpp:1062] _eventCallback(): Reason: 201 - NO_AP_FOUND
[ 73574][W][WiFiGeneric.cpp:1062] _eventCallback(): Reason: 201 - NO_AP_FOUND
WiFi reconnect failed (1), retry in 10s
[ 80196][W][WiFiGeneric.cpp:1062] _eventCallback(): Reason: 201 - NO_AP_FOUND
[ 83583][W][WiFiGeneric.cpp:1062] _eventCallback(): Reason: 201 - NO_AP_FOUND
WiFi reconnect failed (2), retry in 10s
[ 86969][W][WiFiGeneric.cpp:1062] _eventCallback(): Reason: 201 - NO_AP_FOUND
[ 90703][W][WiFiGeneric.cpp:1062] _eventCallback(): Reason: 201 - NO_AP_FOUND
[ 94089][W][WiFiGeneric.cpp:1062] _eventCallback(): Reason: 201 - NO_AP_FOUND
WiFi reconnect failed (3), retry in 10s
[100711][W][WiFiGeneric.cpp:1062] _eventCallback(): Reason: 201 - NO_AP_FOUND
[104097][W][WiFiGeneric.cpp:1062] _eventCallback(): Reason: 201 - NO_AP_FOUND
WiFi reconnect failed (4), retry in 10s
[107483][W][WiFiGeneric.cpp:1062] _eventCallback(): Reason: 201 - NO_AP_FOUND
Fi disconnected
[111218][W][WiFiGeneric.cpp:1062] _eventCallback(): Reason: 201 - NO_AP_FOUND
[114604][W][WiFiGeneric.cpp:1062] _eventCallback(): Reason: 201 - NO_AP_FOUND
WiFi reconnect failed (5), retry in 10s
WiFi disconnected
[121226][W][WiFiGeneric.cpp:1062] _eventCallback(): Reason: 201 - NO_AP_FOUND
[124611][W][WiFiGeneric.cpp:1062] _eventCallback(): Reason: 201 - NO_AP_FOUND
WiFi reconnect failed (6), retry in 10s
[127998][W][WiFiGeneric.cpp:1062] _eventCallback(): Reason: 201 - NO_AP_FOUND
[131733][W][WiFiGeneric.cpp:1062] _eventCallback(): Reason: 201 - NO_AP_FOUND
[135120][W][WiFiGeneric.cpp:1062] _eventCallback(): Reason: 201 - NO_AP_FOUND
WiFi reconnect failed (7), retry in 10s
[141741][W][WiFiGeneric.cpp:1062] _eventCallback(): Reason: 201 - NO_AP_FOUND
[145127][W][WiFiGeneric.cpp:1062] _eventCallback(): Reason: 201 - NO_AP_FOUND
WiFi reconnect failed (8), retry in 10s
[148513][W][WiFiGeneric.cpp:1062] _eventCallback(): Reason: 201 - NO_AP_FOUND
[152248][W][WiFiGeneric.cpp:1062] _eventCallback(): Reason: 201 - NO_AP_FOUND
[155634][W][WiFiGeneric.cpp:1062] _eventCallback(): Reason: 201 - NO_AP_FOUND
WiFi reconnect failed (9), retry in 10s
[162256][W][WiFiGeneric.cpp:1062] _eventCallback(): Reason: 201 - NO_AP_FOUND
[165642][W][WiFiGeneric.cpp:1062] _eventCallback(): Reason: 201 - NO_AP_FOUND
WiFi reconnect failed (10), retry in 10s
[172264][W][WiFiGeneric.cpp:1062] _eventCallback(): Reason: 201 - NO_AP_FOUND
[175650][W][WiFiGeneric.cpp:1062] _eventCallback(): Reason: 201 - NO_AP_FOUND
WiFi reconnect failed (11), retry in 10s
[179036][W][WiFiGeneric.cpp:1062] _eventCallback(): Reason: 201 - NO_AP_FOUND
[182771][W][WiFiGeneric.cpp:1062] _eventCallback(): Reason: 201 - NO_AP_FOUND
[186158][W][WiFiGeneric.cpp:1062] _eventCallback(): Reason: 201 - NO_AP_FOUND
WiFi reconnect failed (12), retry in 10s
[189544][W][WiFiGeneric.cpp:1062] _eventCallback(): Reason: 201 - NO_AP_FOUND
[193278][W][WiFiGeneric.cpp:1062] _eventCallback(): Reason: 201 - NO_AP_FOUND
[196664][W][WiFiGeneric.cpp:1062] _eventCallback(): Reason: 201 - NO_AP_FOUND
WiFi reconnect failed (13), retry in 10s
[203286][W][WiFiGeneric.cpp:1062] _eventCallback(): Reason: 201 - NO_AP_FOUND
[206672][W][WiFiGeneric.cpp:1062] _eventCallback(): Reason: 201 - NO_AP_FOUND
WiFi reconnect failed (14), retry in 10s
[210059][W][WiFiGeneric.cpp:1062] _eventCallback(): Reason: 201 - NO_AP_FOUND
[213793][W][WiFiGeneric.cpp:1062] _eventCallback(): Reason: 201 - NO_AP_FOUND
[217179][W][WiFiGeneric.cpp:1062] _eventCallback(): Reason: 201 - NO_AP_FOUND
WiFi reconnect failed (15), retry in 10s
[223801][W][WiFiGeneric.cpp:1062] _eventCallback(): Reason: 201 - NO_AP_FOUND
[227188][W][WiFiGeneric.cpp:1062] _eventCallback(): Reason: 201 - NO_AP_FOUND
WiFi reconnect failed (16), retry in 10s
